Analyzing ui_app...                                             

warning - Duplicate import - lib\features\home\screens\discover_screen.dart:18:8 - duplicate_import
warning - The value of the local variable 'isDark' isn't used - lib\features\home\screens\home_screen.dart:110:11 - unused_local_variable
warning - The value of the local variable 'isDark' isn't used - lib\features\home\screens\home_screen.dart:274:11 - unused_local_variable
warning - The value of the local variable 'isDark' isn't used - lib\features\home\screens\home_screen.dart:400:11 - unused_local_variable
warning - Unused import: '../../../core/theme/neumorphism/neumorphic_styles.dart' - lib\features\home\screens\samples_screen.dart:15:8 - unused_import
warning - Unused import: '../../../app/routes.dart' - lib\features\home\screens\upcoming_screen.dart:17:8 - unused_import
  error - The named parameter 'intensity' isn't defined - lib\features\home\screens\upcoming_screen.dart:167:33 - undefined_named_parameter
  error - Expected to find ')' - lib\features\library\screens\library_screen.dart:300:6 - expected_token
  error - Expected to find ')' - lib\features\library\screens\library_screen.dart:392:6 - expected_token
  error - The named parameter 'width' isn't defined - lib\features\library\screens\wishlist_screen.dart:86:25 - undefined_named_parameter
  error - The named parameter 'text' is required, but there's no corresponding argument - lib\features\player\screens\bookmarks_screen.dart:76:17 - missing_required_argument
  error - The named parameter 'child' isn't defined - lib\features\player\screens\bookmarks_screen.dart:80:19 - undefined_named_parameter
warning - Unused import: '../../../core/theme/neumorphism/neumorphic_styles.dart' - lib\features\player\screens\car_mode_screen.dart:16:8 - unused_import
warning - Duplicate import - lib\features\player\screens\player_screen.dart:18:8 - duplicate_import
   info - The private field _progress could be 'final' - lib\features\player\widgets\mini_player.dart:30:10 - prefer_final_fields
warning - The value of the local variable 'isDark' isn't used - lib\features\profile\screens\profile_screen.dart:57:11 - unused_local_variable
warning - The value of the local variable 'isDark' isn't used - lib\features\search\screens\search_screen.dart:113:11 - unused_local_variable
warning - The value of the local variable 'isDark' isn't used - lib\features\search\screens\search_screen.dart:199:11 - unused_local_variable
warning - The value of the local variable 'isDark' isn't used - lib\features\search\screens\search_screen.dart:305:11 - unused_local_variable

